// Jest Snapshot v1, https://goo.gl/fbAQLP

exports[`Provas no About View deve renderizar o componente corretamente 1`] = `
<div class="about">
  <h1>This is an about page</h1>
</div>
`;
